me la invento
me la invento
